23:47:33 **** Incremental Build of configuration Debug for project ADC_TemperatureSensor ****
make -j7 all 
arm-none-eabi-gcc "../Core/Src/main.c" -mcpu=cortex-m3 -std=gnu11 -g3 -DDEBUG -DUSE_HAL_DRIVER -DSTM32F103xB -c -I../Core/Inc -I../Drivers/STM32F1xx_HAL_Driver/Inc/Legacy -I../Drivers/STM32F1xx_HAL_Driver/Inc -I../Drivers/CMSIS/Device/ST/STM32F1xx/Include -I../Drivers/CMSIS/Include -O0 -ffunction-sections -fdata-sections -Wall -fstack-usage -fcyclomatic-complexity -MMD -MP -MF"Core/Src/main.d" -MT"Core/Src/main.o" --specs=nano.specs -mfloat-abi=soft -mthumb -o "Core/Src/main.o"
arm-none-eabi-gcc -o "ADC_TemperatureSensor.elf" @"objects.list"   -mcpu=cortex-m3 -T"/Users/yuksehyun/STM32CubeIDE/workspace_1.15.1/ADC_TemperatureSensor/STM32F103R8TX_FLASH.ld" --specs=nosys.specs -Wl,-Map="ADC_TemperatureSensor.map" -Wl,--gc-sections -static --specs=nano.specs -mfloat-abi=soft -mthumb -Wl,--start-group -lc -lm -Wl,--end-group
Finished building target: ADC_TemperatureSensor.elf
 
arm-none-eabi-size  ADC_TemperatureSensor.elf 
arm-none-eabi-objdump -h -S ADC_TemperatureSensor.elf  > "ADC_TemperatureSensor.list"
   text	   data	    bss	    dec	    hex	filename
  15948	    104	   2024	  18076	   469c	ADC_TemperatureSensor.elf
Finished building: default.size.stdout
 
Finished building: ADC_TemperatureSensor.list
 
23:47:41 **** Incremental Build of configuration Debug for project ADC_TemperatureSensor ****
make -j7 all 
arm-none-eabi-size  ADC_TemperatureSensor.elf 
   text	   data	    bss	    dec	    hex	filename
  15948	    104	   2024	  18076	   469c	ADC_TemperatureSensor.elf
Finished building: default.size.stdout
 
